CRITICAL - 2025-12-04 01:18:21 --> CodeIgniter\View\Exceptions\ViewException: Invalid file: "content_tentang.php"
[Method: GET, Route: tentang]
in SYSTEMPATH\Exceptions\FrameworkException.php on line 39.
 1 SYSTEMPATH\View\View.php(214): CodeIgniter\Exceptions\FrameworkException::forInvalidFile('content_tentang.php')
 2 SYSTEMPATH\Common.php(1167): CodeIgniter\View\View->render('content_tentang', [], true)
 3 APPPATH\Controllers\Home.php(55): view('content_tentang')
 4 SYSTEMPATH\CodeIgniter.php(933): App\Controllers\Home->tentang()
 5 SYSTEMPATH\CodeIgniter.php(507): CodeIgniter\CodeIgniter->runController(Object(App\Controllers\Home))
 6 SYSTEMPATH\CodeIgniter.php(354): CodeIgniter\CodeIgniter->handleRequest(null, Object(Config\Cache), false)
 7 SYSTEMPATH\Boot.php(363): CodeIgniter\CodeIgniter->run()
 8 SYSTEMPATH\Boot.php(68): CodeIgniter\Boot::runCodeIgniter(Object(CodeIgniter\CodeIgniter))
 9 FCPATH\index.php(59): CodeIgniter\Boot::bootWeb(Object(Config\Paths))
10 SYSTEMPATH\rewrite.php(44): require_once('C:\\Users\\suluh\\Documents\\GitHub\\cendra\\public\\index.php')
CRITICAL - 2025-12-04 01:18:46 --> CodeIgniter\View\Exceptions\ViewException: Invalid file: "content_tentang.php"
[Method: GET, Route: tentang]
in SYSTEMPATH\Exceptions\FrameworkException.php on line 39.
 1 SYSTEMPATH\View\View.php(214): CodeIgniter\Exceptions\FrameworkException::forInvalidFile('content_tentang.php')
 2 SYSTEMPATH\Common.php(1167): CodeIgniter\View\View->render('content_tentang', [], true)
 3 APPPATH\Controllers\Home.php(55): view('content_tentang')
 4 SYSTEMPATH\CodeIgniter.php(933): App\Controllers\Home->tentang()
 5 SYSTEMPATH\CodeIgniter.php(507): CodeIgniter\CodeIgniter->runController(Object(App\Controllers\Home))
 6 SYSTEMPATH\CodeIgniter.php(354): CodeIgniter\CodeIgniter->handleRequest(null, Object(Config\Cache), false)
 7 SYSTEMPATH\Boot.php(363): CodeIgniter\CodeIgniter->run()
 8 SYSTEMPATH\Boot.php(68): CodeIgniter\Boot::runCodeIgniter(Object(CodeIgniter\CodeIgniter))
 9 FCPATH\index.php(59): CodeIgniter\Boot::bootWeb(Object(Config\Paths))
10 SYSTEMPATH\rewrite.php(44): require_once('C:\\Users\\suluh\\Documents\\GitHub\\cendra\\public\\index.php')
CRITICAL - 2025-12-04 01:18:48 --> CodeIgniter\View\Exceptions\ViewException: Invalid file: "content_kontak.php"
[Method: GET, Route: kontak]
in SYSTEMPATH\Exceptions\FrameworkException.php on line 39.
 1 SYSTEMPATH\View\View.php(214): CodeIgniter\Exceptions\FrameworkException::forInvalidFile('content_kontak.php')
 2 SYSTEMPATH\Common.php(1167): CodeIgniter\View\View->render('content_kontak', [], true)
 3 APPPATH\Controllers\Home.php(67): view('content_kontak')
 4 SYSTEMPATH\CodeIgniter.php(933): App\Controllers\Home->kontak()
 5 SYSTEMPATH\CodeIgniter.php(507): CodeIgniter\CodeIgniter->runController(Object(App\Controllers\Home))
 6 SYSTEMPATH\CodeIgniter.php(354): CodeIgniter\CodeIgniter->handleRequest(null, Object(Config\Cache), false)
 7 SYSTEMPATH\Boot.php(363): CodeIgniter\CodeIgniter->run()
 8 SYSTEMPATH\Boot.php(68): CodeIgniter\Boot::runCodeIgniter(Object(CodeIgniter\CodeIgniter))
 9 FCPATH\index.php(59): CodeIgniter\Boot::bootWeb(Object(Config\Paths))
10 SYSTEMPATH\rewrite.php(44): require_once('C:\\Users\\suluh\\Documents\\GitHub\\cendra\\public\\index.php')
CRITICAL - 2025-12-04 01:19:03 --> CodeIgniter\View\Exceptions\ViewException: Invalid file: "content_layanan.php"
[Method: GET, Route: layanan]
in SYSTEMPATH\Exceptions\FrameworkException.php on line 39.
 1 SYSTEMPATH\View\View.php(214): CodeIgniter\Exceptions\FrameworkException::forInvalidFile('content_layanan.php')
 2 SYSTEMPATH\Common.php(1167): CodeIgniter\View\View->render('content_layanan', [], true)
 3 APPPATH\Controllers\Home.php(29): view('content_layanan')
 4 SYSTEMPATH\CodeIgniter.php(933): App\Controllers\Home->layanan()
 5 SYSTEMPATH\CodeIgniter.php(507): CodeIgniter\CodeIgniter->runController(Object(App\Controllers\Home))
 6 SYSTEMPATH\CodeIgniter.php(354): CodeIgniter\CodeIgniter->handleRequest(null, Object(Config\Cache), false)
 7 SYSTEMPATH\Boot.php(363): CodeIgniter\CodeIgniter->run()
 8 SYSTEMPATH\Boot.php(68): CodeIgniter\Boot::runCodeIgniter(Object(CodeIgniter\CodeIgniter))
 9 FCPATH\index.php(59): CodeIgniter\Boot::bootWeb(Object(Config\Paths))
10 SYSTEMPATH\rewrite.php(44): require_once('C:\\Users\\suluh\\Documents\\GitHub\\cendra\\public\\index.php')
